stm32f4xx_it.c:86:6:NMI_Handler	4	static
stm32f4xx_it.c:101:6:HardFault_Handler	4	static
stm32f4xx_it.c:116:6:MemManage_Handler	4	static
stm32f4xx_it.c:131:6:BusFault_Handler	4	static
stm32f4xx_it.c:146:6:UsageFault_Handler	4	static
stm32f4xx_it.c:161:6:DebugMon_Handler	4	static
stm32f4xx_it.c:181:6:DMA1_Stream1_IRQHandler	8	static
stm32f4xx_it.c:195:6:DMA1_Stream3_IRQHandler	8	static
stm32f4xx_it.c:209:6:DMA1_Stream5_IRQHandler	8	static
stm32f4xx_it.c:223:6:DMA1_Stream6_IRQHandler	8	static
stm32f4xx_it.c:237:6:USART1_IRQHandler	8	static
stm32f4xx_it.c:251:6:USART2_IRQHandler	8	static
stm32f4xx_it.c:265:6:USART3_IRQHandler	8	static
stm32f4xx_it.c:279:6:TIM8_TRG_COM_TIM14_IRQHandler	8	static
stm32f4xx_it.c:293:6:DMA2_Stream0_IRQHandler	8	static
stm32f4xx_it.c:307:6:DMA2_Stream1_IRQHandler	8	static
stm32f4xx_it.c:321:6:DMA2_Stream2_IRQHandler	8	static
stm32f4xx_it.c:335:6:ETH_IRQHandler	8	static
stm32f4xx_it.c:349:6:DMA2_Stream6_IRQHandler	8	static
stm32f4xx_it.c:363:6:DMA2_Stream7_IRQHandler	8	static
stm32f4xx_it.c:377:6:USART6_IRQHandler	8	static
